\BOOKMARK [0][-]{part.1}{I This is part one}{}% 1
\BOOKMARK [1][-]{section.1}{heading one in /main.md}{part.1}% 2
\BOOKMARK [0][-]{part.2}{II This is part two}{}% 3
\BOOKMARK [1][-]{section.2}{To do}{part.2}% 4
\BOOKMARK [1][-]{section.3}{heading level 2 in the .md}{part.2}% 5
\BOOKMARK [2][-]{subsection.3.1}{heading level 3 in the .md}{section.3}% 6
\BOOKMARK [1][-]{section.4}{Heading level 1 \(should become 2\) in content/a\137outerfolder/main.md}{part.2}% 7
